// Jest Snapshot v1, https://goo.gl/fbAQLP

exports[`Storyshots Examples / NameGenerator Basic 1`] = `
<div>
  hi
</div>
`;
